[ 2025-06-02 02:59:29,045 ] 97 werkzeug - WARNING -  * Debugger is active!
[ 2025-06-02 02:59:29,054 ] 97 werkzeug - INFO -  * Debugger PIN: 240-744-672
[ 2025-06-02 02:59:29,720 ] 97 werkzeug - INFO - 127.0.0.1 - - [02/Jun/2025 02:59:29] "POST /predictdata HTTP/1.1" 200 -
[ 2025-06-02 02:59:48,666 ] 97 werkzeug - INFO - 127.0.0.1 - - [02/Jun/2025 02:59:48] "POST /predictdata HTTP/1.1" 200 -
[ 2025-06-02 03:16:22,285 ] 97 werkzeug - INFO -  * Detected change in 'C:\\Program Files\\WindowsApps\\PythonSoftwareFoundation.Python.3.12_3.12.2800.0_x64__qbz5n2kfra8p0\\Lib\\encodings\\__init__.py', reloading
[ 2025-06-02 03:16:22,287 ] 97 werkzeug - INFO -  * Detected change in 'C:\\Program Files\\WindowsApps\\PythonSoftwareFoundation.Python.3.12_3.12.2800.0_x64__qbz5n2kfra8p0\\Lib\\encodings\\aliases.py', reloading
[ 2025-06-02 03:16:22,288 ] 97 werkzeug - INFO -  * Detected change in 'C:\\Program Files\\WindowsApps\\PythonSoftwareFoundation.Python.3.12_3.12.2800.0_x64__qbz5n2kfra8p0\\Lib\\encodings\\utf_8.py', reloading
[ 2025-06-02 03:16:22,293 ] 97 werkzeug - INFO -  * Detected change in 'C:\\Program Files\\WindowsApps\\PythonSoftwareFoundation.Python.3.12_3.12.2800.0_x64__qbz5n2kfra8p0\\Lib\\encodings\\utf_8_sig.py', reloading
[ 2025-06-02 03:16:22,297 ] 97 werkzeug - INFO -  * Detected change in 'C:\\Program Files\\WindowsApps\\PythonSoftwareFoundation.Python.3.12_3.12.2800.0_x64__qbz5n2kfra8p0\\Lib\\__future__.py', reloading
[ 2025-06-02 03:16:22,299 ] 97 werkzeug - INFO -  * Detected change in 'C:\\Program Files\\WindowsApps\\PythonSoftwareFoundation.Python.3.12_3.12.2800.0_x64__qbz5n2kfra8p0\\Lib\\importlib\\__init__.py', reloading
[ 2025-06-02 03:16:22,300 ] 97 werkzeug - INFO -  * Detected change in 'C:\\Program Files\\WindowsApps\\PythonSoftwareFoundation.Python.3.12_3.12.2800.0_x64__qbz5n2kfra8p0\\Lib\\warnings.py', reloading
[ 2025-06-02 03:16:22,303 ] 97 werkzeug - INFO -  * Detected change in 'C:\\Program Files\\WindowsApps\\PythonSoftwareFoundation.Python.3.12_3.12.2800.0_x64__qbz5n2kfra8p0\\Lib\\importlib\\_abc.py', reloading
[ 2025-06-02 03:16:22,304 ] 97 werkzeug - INFO -  * Detected change in 'C:\\Program Files\\WindowsApps\\PythonSoftwareFoundation.Python.3.12_3.12.2800.0_x64__qbz5n2kfra8p0\\Lib\\types.py', reloading
[ 2025-06-02 03:16:22,306 ] 97 werkzeug - INFO -  * Detected change in 'C:\\Program Files\\WindowsApps\\PythonSoftwareFoundation.Python.3.12_3.12.2800.0_x64__qbz5n2kfra8p0\\Lib\\pathlib.py', reloading
[ 2025-06-02 03:16:22,308 ] 97 werkzeug - INFO -  * Detected change in 'C:\\Program Files\\WindowsApps\\PythonSoftwareFoundation.Python.3.12_3.12.2800.0_x64__qbz5n2kfra8p0\\Lib\\fnmatch.py', reloading
[ 2025-06-02 03:16:22,310 ] 97 werkzeug - INFO -  * Detected change in 'C:\\Program Files\\WindowsApps\\PythonSoftwareFoundation.Python.3.12_3.12.2800.0_x64__qbz5n2kfra8p0\\Lib\\re\\__init__.py', reloading
[ 2025-06-02 03:16:22,312 ] 97 werkzeug - INFO -  * Detected change in 'C:\\Program Files\\WindowsApps\\PythonSoftwareFoundation.Python.3.12_3.12.2800.0_x64__qbz5n2kfra8p0\\Lib\\enum.py', reloading
[ 2025-06-02 03:16:22,314 ] 97 werkzeug - INFO -  * Detected change in 'C:\\Program Files\\WindowsApps\\PythonSoftwareFoundation.Python.3.12_3.12.2800.0_x64__qbz5n2kfra8p0\\Lib\\operator.py', reloading
[ 2025-06-02 03:16:22,316 ] 97 werkzeug - INFO -  * Detected change in 'C:\\Program Files\\WindowsApps\\PythonSoftwareFoundation.Python.3.12_3.12.2800.0_x64__qbz5n2kfra8p0\\Lib\\functools.py', reloading
[ 2025-06-02 03:16:22,317 ] 97 werkzeug - INFO -  * Detected change in 'C:\\Program Files\\WindowsApps\\PythonSoftwareFoundation.Python.3.12_3.12.2800.0_x64__qbz5n2kfra8p0\\Lib\\collections\\__init__.py', reloading
[ 2025-06-02 03:16:22,319 ] 97 werkzeug - INFO -  * Detected change in 'C:\\Program Files\\WindowsApps\\PythonSoftwareFoundation.Python.3.12_3.12.2800.0_x64__qbz5n2kfra8p0\\Lib\\keyword.py', reloading
[ 2025-06-02 03:16:22,320 ] 97 werkzeug - INFO -  * Detected change in 'C:\\Program Files\\WindowsApps\\PythonSoftwareFoundation.Python.3.12_3.12.2800.0_x64__qbz5n2kfra8p0\\Lib\\reprlib.py', reloading
[ 2025-06-02 03:16:22,327 ] 97 werkzeug - INFO -  * Detected change in 'C:\\Program Files\\WindowsApps\\PythonSoftwareFoundation.Python.3.12_3.12.2800.0_x64__qbz5n2kfra8p0\\Lib\\re\\_compiler.py', reloading
[ 2025-06-02 03:16:22,329 ] 97 werkzeug - INFO -  * Detected change in 'C:\\Program Files\\WindowsApps\\PythonSoftwareFoundation.Python.3.12_3.12.2800.0_x64__qbz5n2kfra8p0\\Lib\\re\\_parser.py', reloading
[ 2025-06-02 03:16:22,332 ] 97 werkzeug - INFO -  * Detected change in 'C:\\Program Files\\WindowsApps\\PythonSoftwareFoundation.Python.3.12_3.12.2800.0_x64__qbz5n2kfra8p0\\Lib\\re\\_constants.py', reloading
[ 2025-06-02 03:16:22,334 ] 97 werkzeug - INFO -  * Detected change in 'C:\\Program Files\\WindowsApps\\PythonSoftwareFoundation.Python.3.12_3.12.2800.0_x64__qbz5n2kfra8p0\\Lib\\re\\_casefix.py', reloading
[ 2025-06-02 03:16:22,335 ] 97 werkzeug - INFO -  * Detected change in 'C:\\Program Files\\WindowsApps\\PythonSoftwareFoundation.Python.3.12_3.12.2800.0_x64__qbz5n2kfra8p0\\Lib\\copyreg.py', reloading
[ 2025-06-02 03:16:22,339 ] 97 werkzeug - INFO -  * Detected change in 'C:\\Program Files\\WindowsApps\\PythonSoftwareFoundation.Python.3.12_3.12.2800.0_x64__qbz5n2kfra8p0\\Lib\\urllib\\parse.py', reloading
[ 2025-06-02 03:16:22,341 ] 97 werkzeug - INFO -  * Detected change in 'C:\\Program Files\\WindowsApps\\PythonSoftwareFoundation.Python.3.12_3.12.2800.0_x64__qbz5n2kfra8p0\\Lib\\ipaddress.py', reloading
[ 2025-06-02 03:16:22,394 ] 97 werkzeug - INFO -  * Detected change in 'C:\\Program Files\\WindowsApps\\PythonSoftwareFoundation.Python.3.12_3.12.2800.0_x64__qbz5n2kfra8p0\\Lib\\argparse.py', reloading
[ 2025-06-02 03:16:22,399 ] 97 werkzeug - INFO -  * Detected change in 'C:\\Program Files\\WindowsApps\\PythonSoftwareFoundation.Python.3.12_3.12.2800.0_x64__qbz5n2kfra8p0\\Lib\\json\\__init__.py', reloading
[ 2025-06-02 03:16:22,400 ] 97 werkzeug - INFO -  * Detected change in 'C:\\Program Files\\WindowsApps\\PythonSoftwareFoundation.Python.3.12_3.12.2800.0_x64__qbz5n2kfra8p0\\Lib\\json\\decoder.py', reloading
[ 2025-06-02 03:16:22,402 ] 97 werkzeug - INFO -  * Detected change in 'C:\\Program Files\\WindowsApps\\PythonSoftwareFoundation.Python.3.12_3.12.2800.0_x64__qbz5n2kfra8p0\\Lib\\json\\scanner.py', reloading
[ 2025-06-02 03:16:22,405 ] 97 werkzeug - INFO -  * Detected change in 'C:\\Program Files\\WindowsApps\\PythonSoftwareFoundation.Python.3.12_3.12.2800.0_x64__qbz5n2kfra8p0\\Lib\\json\\encoder.py', reloading
